2025-11-01 09:57:27,898 - INFO - 应用程序启动成功
2025-11-01 09:57:32,374 - INFO - 规则类型更改为: 后缀添加
2025-11-01 09:57:36,549 - INFO - 规则类型更改为: 字符串替换
2025-11-01 09:57:40,241 - INFO - 规则类型更改为: 正则替换
2025-11-01 09:57:43,370 - INFO - 规则类型更改为: 前缀添加
2025-11-01 09:58:13,921 - INFO - 目录更改为: D:\学习资料\学习资料
2025-11-01 09:58:24,012 - INFO - 找到 345 个匹配文件
2025-11-01 09:58:27,619 - INFO - 预览完成，共 345 个文件
2025-11-01 09:58:31,278 - INFO - 规则类型更改为: 后缀添加
2025-11-01 09:58:35,769 - INFO - 规则类型更改为: 字符串替换
2025-11-01 09:58:45,381 - INFO - 规则类型更改为: 正则替换
2025-11-01 09:58:48,561 - INFO - 规则类型更改为: 前缀添加
2025-11-01 09:58:51,393 - INFO - 规则类型更改为: 后缀添加
2025-11-01 09:59:02,268 - INFO - 规则类型更改为: 前缀添加
2025-11-01 09:59:16,510 - INFO - 预览完成，共 345 个文件
2025-11-01 09:59:27,898 - INFO - 重命名成功:  有码中字 巨乳女士官洗脑催眠 1_3012184102L98440004.mp4 -> lggyx_love_ 有码中字 巨乳女士官洗脑催眠 1_3012184102L98440004.mp4
2025-11-01 09:59:27,898 - INFO - 重命名成功: (無修正) ボンデージ・ゲーム ～深窓の隷嬢達～ game_1.mp4 -> lggyx_love_(無修正) ボンデージ・ゲーム ～深窓の隷嬢達～ game_1.mp4
2025-11-01 09:59:27,898 - INFO - 重命名成功: (無修正) ボンデージ・ゲーム ～深窓の隷嬢達～ game_2.mp4 -> lggyx_love_(無修正) ボンデージ・ゲーム ～深窓の隷嬢達～ game_2.mp4
2025-11-01 09:59:27,898 - INFO - 重命名成功: 10-sc-720p.mp4 -> lggyx_love_10-sc-720p.mp4
2025-11-01 09:59:27,898 - INFO - 重命名成功: 10588369-720p.mp4 -> lggyx_love_10588369-720p.mp4
2025-11-01 09:59:27,898 - INFO - 重命名成功: 12874-sc-720p.mp4 -> lggyx_love_12874-sc-720p.mp4
2025-11-01 09:59:27,898 - INFO - 重命名成功: 14821-sc-720p.mp4 -> lggyx_love_14821-sc-720p.mp4
2025-11-01 09:59:27,901 - INFO - 重命名成功: 21646-sc-720p.mp4 -> lggyx_love_21646-sc-720p.mp4
2025-11-01 09:59:27,901 - INFO - 重命名成功: 22540-sc-720p.mp4 -> lggyx_love_22540-sc-720p.mp4
2025-11-01 09:59:27,901 - INFO - 重命名成功: 22541-sc-720p.mp4 -> lggyx_love_22541-sc-720p.mp4
2025-11-01 09:59:27,902 - INFO - 重命名成功: 22578-sc-720p.mp4 -> lggyx_love_22578-sc-720p.mp4
2025-11-01 09:59:27,902 - INFO - 重命名成功: 39114-sc-720p.mp4 -> lggyx_love_39114-sc-720p.mp4
2025-11-01 09:59:27,902 - INFO - 重命名成功: 3D  ハンバーグ係  中出しアナル天文部 .mp4 -> lggyx_love_3D  ハンバーグ係  中出しアナル天文部 .mp4
2025-11-01 09:59:27,903 - INFO - 重命名成功: 3D国漫  斗破苍穹雅妃的群P侍奉 经典剧情KaiVi 经典之作 .mp4 -> lggyx_love_3D国漫  斗破苍穹雅妃的群P侍奉 经典剧情KaiVi 经典之作 .mp4
2025-11-01 09:59:27,903 - INFO - 重命名成功: 84707-sc-720p.mp4 -> lggyx_love_84707-sc-720p.mp4
2025-11-01 09:59:27,904 - INFO - 重命名成功: 85827-sc-720p.mp4 -> lggyx_love_85827-sc-720p.mp4
2025-11-01 09:59:27,904 - INFO - 重命名成功: 87605-720p.mp4 -> lggyx_love_87605-720p.mp4
2025-11-01 09:59:27,904 - INFO - 重命名成功: 89689-sc-720p.mp4 -> lggyx_love_89689-sc-720p.mp4
2025-11-01 09:59:27,904 - INFO - 重命名成功: 94947-720p.mp4 -> lggyx_love_94947-720p.mp4
2025-11-01 09:59:27,905 - INFO - 重命名成功: 97537-720p.mp4 -> lggyx_love_97537-720p.mp4
2025-11-01 09:59:27,905 - INFO - 重命名成功: 98664-720p.mp4 -> lggyx_love_98664-720p.mp4
2025-11-01 09:59:27,905 - INFO - 重命名成功: a4d99db54612a9aef29133b60419f19b1612037162-1280-720-1277-h264.mp4 -> lggyx_love_a4d99db54612a9aef29133b60419f19b1612037162-1280-720-1277-h264.mp4
2025-11-01 09:59:27,906 - INFO - 重命名成功: Aisei Tenshi Love Mary Akusei Jutai - Episode 1 .mp4 -> lggyx_love_Aisei Tenshi Love Mary Akusei Jutai - Episode 1 .mp4
2025-11-01 09:59:27,906 - INFO - 重命名成功: Animeboy  自慢のおっぱいをブルンブルン揺らしながら何度も何度も絶頂するお姉さんとずーっとHなことしちゃいました .mp4 -> lggyx_love_Animeboy  自慢のおっぱいをブルンブルン揺らしながら何度も何度も絶頂するお姉さんとずーっとHなことしちゃいました .mp4
2025-11-01 09:59:27,906 - INFO - 重命名成功: aqd1_1323443758L71389860.mp4 -> lggyx_love_aqd1_1323443758L71389860.mp4
2025-11-01 09:59:27,907 - INFO - 重命名成功: aqd1_2181566570L80423591.mp4 -> lggyx_love_aqd1_2181566570L80423591.mp4
2025-11-01 09:59:27,907 - INFO - 重命名成功: aqd1_2229011334L73635927.mp4 -> lggyx_love_aqd1_2229011334L73635927.mp4
2025-11-01 09:59:27,907 - INFO - 重命名成功: aqd1_2820832604L80476389.mp4 -> lggyx_love_aqd1_2820832604L80476389.mp4
2025-11-01 09:59:27,908 - INFO - 重命名成功: aqd1_380403650L98918898.mp4 -> lggyx_love_aqd1_380403650L98918898.mp4
2025-11-01 09:59:27,908 - INFO - 重命名成功: aqd1_3996438892L82601309.mp4 -> lggyx_love_aqd1_3996438892L82601309.mp4
2025-11-01 09:59:27,908 - INFO - 重命名成功: aqd1_521675720L91344615.mp4 -> lggyx_love_aqd1_521675720L91344615.mp4
2025-11-01 09:59:27,909 - INFO - 重命名成功: aqd1_vip 大姊姊 THE ANIMATION senior_372146368L113912773.mp4 -> lggyx_love_aqd1_vip 大姊姊 THE ANIMATION senior_372146368L113912773.mp4
2025-11-01 09:59:27,909 - INFO - 重命名成功: aqd1_vip 大姊姊 THE ANIMATION senior_727089534L109533745.mp4 -> lggyx_love_aqd1_vip 大姊姊 THE ANIMATION senior_727089534L109533745.mp4
2025-11-01 09:59:27,909 - INFO - 重命名成功: aqd1_vip 宇宙海賊サラ vol_263488762L83245937.mp4 -> lggyx_love_aqd1_vip 宇宙海賊サラ vol_263488762L83245937.mp4
2025-11-01 09:59:27,910 - INFO - 重命名成功: aqd1_vip 特務捜査官レイ＆風子 Vol_2433075302L54222682.mp4 -> lggyx_love_aqd1_vip 特務捜査官レイ＆風子 Vol_2433075302L54222682.mp4
2025-11-01 09:59:27,910 - INFO - 重命名成功: aqd1_vip 特務捜査官レイ＆風子 Vol_4254495824L69077200.mp4 -> lggyx_love_aqd1_vip 特務捜査官レイ＆風子 Vol_4254495824L69077200.mp4
2025-11-01 09:59:27,910 - INFO - 重命名成功: aqd1_vip 特務捜査官レイ＆風子 Vol_914621378L73636908.mp4 -> lggyx_love_aqd1_vip 特務捜査官レイ＆風子 Vol_914621378L73636908.mp4
2025-11-01 09:59:27,911 - INFO - 重命名成功: aqd_3096023488.mp4 -> lggyx_love_aqd_3096023488.mp4
2025-11-01 09:59:27,911 - INFO - 重命名成功: aqd_3527304908.mp4 -> lggyx_love_aqd_3527304908.mp4
2025-11-01 09:59:27,912 - INFO - 重命名成功: aqd_buzz OVA ツンデロシリーズ ＃4 [中文字幕] - 爱情岛论坛 - 亚洲品质自拍视频网站,极速福利视频在线观看_1395387154.mp4 -> lggyx_love_aqd_buzz OVA ツンデロシリーズ ＃4 [中文字幕] - 爱情岛论坛 - 亚洲品质自拍视频网站,极速福利视频在线观看_1395387154.mp4
2025-11-01 09:59:27,912 - INFO - 重命名成功: aqd_buzz OVA 母乳ちゃんは射したい。＃1 [中文字幕] - 爱情岛论坛 - 亚洲品质自拍视频网站,极速福利视频在线观看_3034317610.mp4 -> lggyx_love_aqd_buzz OVA 母乳ちゃんは射したい。＃1 [中文字幕] - 爱情岛论坛 - 亚洲品质自拍视频网站,极速福利视频在线观看_3034317610.mp4
2025-11-01 09:59:27,912 - INFO - 重命名成功: aqd_buzz [Queen Bee]放課後Initiation VOL_1 - 爱情岛论坛 - 亚洲品质自拍视频网站,极速福利视频在线观看_733463270.mp4 -> lggyx_love_aqd_buzz [Queen Bee]放課後Initiation VOL_1 - 爱情岛论坛 - 亚洲品质自拍视频网站,极速福利视频在线观看_733463270.mp4
2025-11-01 09:59:27,913 - INFO - 重命名成功: aqd_buzz いもうとはGALかわいい 第1話 属性違いの妹 [中文字幕] - 爱情岛论坛 - 亚洲品质自拍视频网站,极速福利视频在线观_2098057782.mp4 -> lggyx_love_aqd_buzz いもうとはGALかわいい 第1話 属性違いの妹 [中文字幕] - 爱情岛论坛 - 亚洲品质自拍视频网站,极速福利视频在线观_2098057782.mp4
2025-11-01 09:59:27,913 - INFO - 重命名成功: aqd_buzz アオハルスナッチ 1[夏庵] [中文字幕] - 爱情岛论坛 - 亚洲品质自拍视频网站,极速福利视频在线观看_3168152552.mp4 -> lggyx_love_aqd_buzz アオハルスナッチ 1[夏庵] [中文字幕] - 爱情岛论坛 - 亚洲品质自拍视频网站,极速福利视频在线观看_3168152552.mp4
2025-11-01 09:59:27,913 - INFO - 重命名成功: aqd_buzz メスダチ The Animation 千紗編 [中文字幕] - 爱情岛论坛 - 亚洲品质自拍视频网站,极速福利视频在线观看_75625304.mp4 -> lggyx_love_aqd_buzz メスダチ The Animation 千紗編 [中文字幕] - 爱情岛论坛 - 亚洲品质自拍视频网站,极速福利视频在线观看_75625304.mp4
2025-11-01 09:59:27,913 - INFO - 重命名成功: aqd_buzz ヤリ上がり ～スレ違いのイジワル～ [中文字幕] - 爱情岛论坛 - 亚洲品质自拍视频网站,极速福利视频在线观看_1232320276.mp4 -> lggyx_love_aqd_buzz ヤリ上がり ～スレ違いのイジワル～ [中文字幕] - 爱情岛论坛 - 亚洲品质自拍视频网站,极速福利视频在线观看_1232320276.mp4
2025-11-01 09:59:27,913 - INFO - 重命名成功: aqd_buzz 恋乳オーダー ～おかわり～ THE ANIMATION [中文字幕] - 爱情岛论坛 - 亚洲品质自拍视频网站,极速福利视频在线观看_832712114.mp4 -> lggyx_love_aqd_buzz 恋乳オーダー ～おかわり～ THE ANIMATION [中文字幕] - 爱情岛论坛 - 亚洲品质自拍视频网站,极速福利视频在线观看_832712114.mp4
2025-11-01 09:59:27,914 - INFO - 重命名成功: aqd_buzz 戦乙女ヴァルキリーG 第一話「籣絡」 - 爱情岛论坛 - 亚洲品质自拍视频网站,极速福利视频在线观看_798127682.mp4 -> lggyx_love_aqd_buzz 戦乙女ヴァルキリーG 第一話「籣絡」 - 爱情岛论坛 - 亚洲品质自拍视频网站,极速福利视频在线观看_798127682.mp4
2025-11-01 09:59:27,914 - INFO - 重命名成功: aqd_buzz 艶美 その弐 - 爱情岛论坛 - 亚洲品质自拍视频网站,极速福利视频在线观看_3658491552.mp4 -> lggyx_love_aqd_buzz 艶美 その弐 - 爱情岛论坛 - 亚洲品质自拍视频网站,极速福利视频在线观看_3658491552.mp4
2025-11-01 09:59:27,914 - INFO - 重命名成功: aqd_buzz 超挺爆乳女神「你的宝蓓」极品乳交犹如AR视角 抓J8往粉穴里塞 超爽视角体验极致快感 - 爱情岛论坛 - 亚洲品质自拍_3767931938.mp4 -> lggyx_love_aqd_buzz 超挺爆乳女神「你的宝蓓」极品乳交犹如AR视角 抓J8往粉穴里塞 超爽视角体验极致快感 - 爱情岛论坛 - 亚洲品质自拍_3767931938.mp4
2025-11-01 09:59:27,914 - INFO - 重命名成功: Breaking The Quiet 2.mp4 -> lggyx_love_Breaking The Quiet 2.mp4
2025-11-01 09:59:27,914 - INFO - 重命名成功: Breaking The Quiet.mp4 -> lggyx_love_Breaking The Quiet.mp4
2025-11-01 09:59:27,916 - INFO - 重命名成功: Celeb  魍魎の贄 一人目「BAD END 孕ませ地獄 千尋と鈴白」 .mp4 -> lggyx_love_Celeb  魍魎の贄 一人目「BAD END 孕ませ地獄 千尋と鈴白」 .mp4
2025-11-01 09:59:27,916 - INFO - 重命名成功: Celeb  魍魎の贄 二人目「BAD END 孕ませ地獄 すずなとレイカ」 .mp4 -> lggyx_love_Celeb  魍魎の贄 二人目「BAD END 孕ませ地獄 すずなとレイカ」 .mp4
2025-11-01 09:59:27,916 - INFO - 重命名成功: COS泉纱雾萝莉直播自慰_1511433789L97450279.mp4 -> lggyx_love_COS泉纱雾萝莉直播自慰_1511433789L97450279.mp4
2025-11-01 09:59:27,917 - INFO - 重命名成功: EDGE ドロップアウト ～性処理便器・七条鈴香～ .mp4 -> lggyx_love_EDGE ドロップアウト ～性処理便器・七条鈴香～ .mp4
2025-11-01 09:59:27,917 - INFO - 重命名成功: Euphoria 第1集.mp4 -> lggyx_love_Euphoria 第1集.mp4
2025-11-01 09:59:27,918 - INFO - 重命名成功: Euphoria 第2集.mp4 -> lggyx_love_Euphoria 第2集.mp4
2025-11-01 09:59:27,918 - INFO - 重命名成功: Euphoria 第3集.mp4 -> lggyx_love_Euphoria 第3集.mp4
2025-11-01 09:59:27,918 - INFO - 重命名成功: Euphoria 第4集.mp4 -> lggyx_love_Euphoria 第4集.mp4
2025-11-01 09:59:27,918 - INFO - 重命名成功: Euphoria 第5集.mp4 -> lggyx_love_Euphoria 第5集.mp4
2025-11-01 09:59:27,919 - INFO - 重命名成功: Euphoria 第6集.mp4 -> lggyx_love_Euphoria 第6集.mp4
2025-11-01 09:59:27,919 - INFO - 重命名成功: GOLD BEAR 虜ノ雫 後編 ～夏の豪華客船で穢される処女たち～ .mp4 -> lggyx_love_GOLD BEAR 虜ノ雫 後編 ～夏の豪華客船で穢される処女たち～ .mp4
2025-11-01 09:59:27,920 - INFO - 重命名成功: httpst1_kba85_cc9090voddetailsac91dc0e66aec978_73246660L79141100.mp4 -> lggyx_love_httpst1_kba85_cc9090voddetailsac91dc0e66aec978_73246660L79141100.mp4
2025-11-01 09:59:27,920 - INFO - 重命名成功: httpst1_kba85_cc9090voddetailsdcf6d380644cbf34_1701235369L28595533.mp4 -> lggyx_love_httpst1_kba85_cc9090voddetailsdcf6d380644cbf34_1701235369L28595533.mp4
2025-11-01 09:59:27,920 - INFO - 重命名成功: httpst1_kba99_cc9090voddetails0969733ddb88e2de_1386443551L80907663.mp4 -> lggyx_love_httpst1_kba99_cc9090voddetails0969733ddb88e2de_1386443551L80907663.mp4
2025-11-01 09:59:27,921 - INFO - 重命名成功: httpst1_kba99_cc9090voddetails3c1af957f3ef5e24_3585454794L57360871.mp4 -> lggyx_love_httpst1_kba99_cc9090voddetails3c1af957f3ef5e24_3585454794L57360871.mp4
2025-11-01 09:59:27,921 - INFO - 重命名成功: httpst1_kba99_cc9090voddetails4e6d80eadbe40e5c_503479710L139175377.mp4 -> lggyx_love_httpst1_kba99_cc9090voddetails4e6d80eadbe40e5c_503479710L139175377.mp4
2025-11-01 09:59:27,921 - INFO - 重命名成功: httpst1_kba99_cc9090voddetails7243775ab281df57_1646305851L77202480.mp4 -> lggyx_love_httpst1_kba99_cc9090voddetails7243775ab281df57_1646305851L77202480.mp4
2025-11-01 09:59:27,921 - INFO - 重命名成功: httpst1_kba99_cc9090voddetails9bb0e42ce64d9b48_745971014L98251408.mp4 -> lggyx_love_httpst1_kba99_cc9090voddetails9bb0e42ce64d9b48_745971014L98251408.mp4
2025-11-01 09:59:27,922 - INFO - 重命名成功: httpst1_kba99_cc9090voddetailsd5519b3edc821cf6_1451444630L53955159.mp4 -> lggyx_love_httpst1_kba99_cc9090voddetailsd5519b3edc821cf6_1451444630L53955159.mp4
2025-11-01 09:59:27,922 - INFO - 重命名成功: httpst1_kbb18_1173006901L28932650.mp4 -> lggyx_love_httpst1_kbb18_1173006901L28932650.mp4
2025-11-01 09:59:27,922 - INFO - 重命名成功: httpst1_kbb18_999356650L176656578.mp4 -> lggyx_love_httpst1_kbb18_999356650L176656578.mp4
2025-11-01 09:59:27,923 - INFO - 重命名成功: httpst1_kbb18_cc9090voddetails25a10ef73d51aeca_3532800804L180311858.mp4 -> lggyx_love_httpst1_kbb18_cc9090voddetails25a10ef73d51aeca_3532800804L180311858.mp4
2025-11-01 09:59:27,923 - INFO - 重命名成功: httpst1_kbb18_cc9090voddetails74404442c1ff272c_4005317407L52106217.mp4 -> lggyx_love_httpst1_kbb18_cc9090voddetails74404442c1ff272c_4005317407L52106217.mp4
2025-11-01 09:59:27,924 - INFO - 重命名成功: httpst1_kbb18_cc9090voddetails7843d6dcb7cff1ac_1331122208L88386307.mp4 -> lggyx_love_httpst1_kbb18_cc9090voddetails7843d6dcb7cff1ac_1331122208L88386307.mp4
2025-11-01 09:59:27,924 - INFO - 重命名成功: httpst1_kbb18_cc9090voddetailsf4e483be9a573205_2640444224L215834963.mp4 -> lggyx_love_httpst1_kbb18_cc9090voddetailsf4e483be9a573205_2640444224L215834963.mp4
2025-11-01 09:59:27,924 - INFO - 重命名成功: httpst1_kbb18_cc9090voddetailsf501e6b24a69449f_655699612L160587541.mp4 -> lggyx_love_httpst1_kbb18_cc9090voddetailsf501e6b24a69449f_655699612L160587541.mp4
2025-11-01 09:59:27,925 - INFO - 重命名成功: mmexport1719418174574.mp4 -> lggyx_love_mmexport1719418174574.mp4
2025-11-01 09:59:27,925 - INFO - 重命名成功: mmexport1719418178393.mp4 -> lggyx_love_mmexport1719418178393.mp4
2025-11-01 09:59:27,925 - INFO - 重命名成功: mmexport1719418181661.mp4 -> lggyx_love_mmexport1719418181661.mp4
2025-11-01 09:59:27,926 - INFO - 重命名成功: Nightmare×Deathscythe ―後編― 叛逆のレゾナンス  中文字幕.mp4 -> lggyx_love_Nightmare×Deathscythe ―後編― 叛逆のレゾナンス  中文字幕.mp4
2025-11-01 09:59:27,926 - INFO - 重命名成功: OVA 僕にセフレが出来た理由 ＃6  中文字幕.mp4 -> lggyx_love_OVA 僕にセフレが出来た理由 ＃6  中文字幕.mp4
2025-11-01 09:59:27,926 - INFO - 重命名成功: OVA 僕にハーレムセフレが出来た理由 ＃3  中文字幕.mp4 -> lggyx_love_OVA 僕にハーレムセフレが出来た理由 ＃3  中文字幕.mp4
2025-11-01 09:59:27,927 - INFO - 重命名成功: OVA 僕にハーレムセフレが出来た理由 ＃4  中文字幕.mp4 -> lggyx_love_OVA 僕にハーレムセフレが出来た理由 ＃4  中文字幕.mp4
2025-11-01 09:59:27,927 - INFO - 重命名成功: OVA 聖華女学院公認竿おじさん ＃1 黒髪清楚お嬢様 如月巴.mp4 -> lggyx_love_OVA 聖華女学院公認竿おじさん ＃1 黒髪清楚お嬢様 如月巴.mp4
2025-11-01 09:59:27,927 - INFO - 重命名成功: OVA屈辱 ＃2.mp4 -> lggyx_love_OVA屈辱 ＃2.mp4
2025-11-01 09:59:27,927 - INFO - 重命名成功: pixy  姫騎士リリア Vol_2526644398.mp4 -> lggyx_love_pixy  姫騎士リリア Vol_2526644398.mp4
2025-11-01 09:59:27,928 - INFO - 重命名成功: pixy  姫騎士リリア Vol_25627908.mp4 -> lggyx_love_pixy  姫騎士リリア Vol_25627908.mp4
2025-11-01 09:59:27,928 - INFO - 重命名成功: pixy  姫騎士リリア Vol_3373505572.mp4 -> lggyx_love_pixy  姫騎士リリア Vol_3373505572.mp4
2025-11-01 09:59:27,929 - INFO - 重命名成功: pixy  姫騎士リリア Vol_3946047328.mp4 -> lggyx_love_pixy  姫騎士リリア Vol_3946047328.mp4
2025-11-01 09:59:27,929 - INFO - 重命名成功: Residence - Episode 1.mp4 -> lggyx_love_Residence - Episode 1.mp4
2025-11-01 09:59:27,929 - INFO - 重命名成功: Screenshot_2024-10-11-00-33-41-042_com.quark.browser.jpg -> lggyx_love_Screenshot_2024-10-11-00-33-41-042_com.quark.browser.jpg
2025-11-01 09:59:27,930 - INFO - 重命名成功: t4_kb081_cc8888voddetails033fa7e7a9fbda1f_4004986016.mp4 -> lggyx_love_t4_kb081_cc8888voddetails033fa7e7a9fbda1f_4004986016.mp4
2025-11-01 09:59:27,930 - INFO - 重命名成功: t4_kb081_cc8888voddetails071567d2b327eb10_2665819810.mp4 -> lggyx_love_t4_kb081_cc8888voddetails071567d2b327eb10_2665819810.mp4
2025-11-01 09:59:27,930 - INFO - 重命名成功: t4_kb081_cc8888voddetails0b56fb42ec0ab322_605801304.mp4 -> lggyx_love_t4_kb081_cc8888voddetails0b56fb42ec0ab322_605801304.mp4
2025-11-01 09:59:27,931 - INFO - 重命名成功: t4_kb081_cc8888voddetails0e3d1123838f9e7e_3832880820.mp4 -> lggyx_love_t4_kb081_cc8888voddetails0e3d1123838f9e7e_3832880820.mp4
2025-11-01 09:59:27,931 - INFO - 重命名成功: t4_kb081_cc8888voddetails11d3fccabfb2fec1_3537543895.mp4 -> lggyx_love_t4_kb081_cc8888voddetails11d3fccabfb2fec1_3537543895.mp4
2025-11-01 09:59:27,931 - INFO - 重命名成功: t4_kb081_cc8888voddetails214d5e7635fcb23d_1076355378.mp4 -> lggyx_love_t4_kb081_cc8888voddetails214d5e7635fcb23d_1076355378.mp4
2025-11-01 09:59:27,931 - INFO - 重命名成功: t4_kb081_cc8888voddetails21761221cffcd0c1_2286003874.mp4 -> lggyx_love_t4_kb081_cc8888voddetails21761221cffcd0c1_2286003874.mp4
2025-11-01 09:59:27,932 - INFO - 重命名成功: t4_kb081_cc8888voddetails2c7706848ac70dc7_3220422762.mp4 -> lggyx_love_t4_kb081_cc8888voddetails2c7706848ac70dc7_3220422762.mp4
2025-11-01 09:59:27,932 - INFO - 重命名成功: t4_kb081_cc8888voddetails32c77ef3e27746b0_4086859735.mp4 -> lggyx_love_t4_kb081_cc8888voddetails32c77ef3e27746b0_4086859735.mp4
2025-11-01 09:59:27,932 - INFO - 重命名成功: t4_kb081_cc8888voddetails44fe174fb61fb29b_2668465851.mp4 -> lggyx_love_t4_kb081_cc8888voddetails44fe174fb61fb29b_2668465851.mp4
2025-11-01 09:59:27,932 - INFO - 重命名成功: t4_kb081_cc8888voddetails45fa474cba700233_269907319.mp4 -> lggyx_love_t4_kb081_cc8888voddetails45fa474cba700233_269907319.mp4
2025-11-01 09:59:27,932 - INFO - 重命名成功: t4_kb081_cc8888voddetails49ff6a3a3787b16c_2811643447.mp4 -> lggyx_love_t4_kb081_cc8888voddetails49ff6a3a3787b16c_2811643447.mp4
2025-11-01 09:59:27,933 - INFO - 重命名成功: t4_kb081_cc8888voddetails4ad087bec99182f9_3543548486.mp4 -> lggyx_love_t4_kb081_cc8888voddetails4ad087bec99182f9_3543548486.mp4
2025-11-01 09:59:27,933 - INFO - 重命名成功: t4_kb081_cc8888voddetails4bf2081b54bd24fa_2120167388.mp4 -> lggyx_love_t4_kb081_cc8888voddetails4bf2081b54bd24fa_2120167388.mp4
2025-11-01 09:59:27,933 - INFO - 重命名成功: t4_kb081_cc8888voddetails4c64a55e62efa80f_3532587467.mp4 -> lggyx_love_t4_kb081_cc8888voddetails4c64a55e62efa80f_3532587467.mp4
2025-11-01 09:59:27,933 - INFO - 重命名成功: t4_kb081_cc8888voddetails4ffd2169b30811bf_536952638.mp4 -> lggyx_love_t4_kb081_cc8888voddetails4ffd2169b30811bf_536952638.mp4
2025-11-01 09:59:27,933 - INFO - 重命名成功: t4_kb081_cc8888voddetails58d1e52235616f0e_2539215236.mp4 -> lggyx_love_t4_kb081_cc8888voddetails58d1e52235616f0e_2539215236.mp4
2025-11-01 09:59:27,933 - INFO - 重命名成功: t4_kb081_cc8888voddetails5a00acc809af5824_40748324.mp4 -> lggyx_love_t4_kb081_cc8888voddetails5a00acc809af5824_40748324.mp4
2025-11-01 09:59:27,935 - INFO - 重命名成功: t4_kb081_cc8888voddetails5a68c9db0e71fe28_1494694849.mp4 -> lggyx_love_t4_kb081_cc8888voddetails5a68c9db0e71fe28_1494694849.mp4
2025-11-01 09:59:27,935 - INFO - 重命名成功: t4_kb081_cc8888voddetails5f3201ae2b920131_324364204.mp4 -> lggyx_love_t4_kb081_cc8888voddetails5f3201ae2b920131_324364204.mp4
2025-11-01 09:59:27,935 - INFO - 重命名成功: t4_kb081_cc8888voddetails5f5db140b385f05c_3235078214.mp4 -> lggyx_love_t4_kb081_cc8888voddetails5f5db140b385f05c_3235078214.mp4
2025-11-01 09:59:27,935 - INFO - 重命名成功: t4_kb081_cc8888voddetails67c734be0839f38b_11146328.mp4 -> lggyx_love_t4_kb081_cc8888voddetails67c734be0839f38b_11146328.mp4
2025-11-01 09:59:27,935 - INFO - 重命名成功: t4_kb081_cc8888voddetails6c4629d9b7b6f29b_2397491529.mp4 -> lggyx_love_t4_kb081_cc8888voddetails6c4629d9b7b6f29b_2397491529.mp4
2025-11-01 09:59:27,936 - INFO - 重命名成功: t4_kb081_cc8888voddetails6ea625cde3963580_3050087806.mp4 -> lggyx_love_t4_kb081_cc8888voddetails6ea625cde3963580_3050087806.mp4
2025-11-01 09:59:27,936 - INFO - 重命名成功: t4_kb081_cc8888voddetails7122bb50b37d9bda_1173204715.mp4 -> lggyx_love_t4_kb081_cc8888voddetails7122bb50b37d9bda_1173204715.mp4
2025-11-01 09:59:27,936 - INFO - 重命名成功: t4_kb081_cc8888voddetails725da64a472178f0_893078297.mp4 -> lggyx_love_t4_kb081_cc8888voddetails725da64a472178f0_893078297.mp4
2025-11-01 09:59:27,937 - INFO - 重命名成功: t4_kb081_cc8888voddetails842f73c62c179f93_2246730119.mp4 -> lggyx_love_t4_kb081_cc8888voddetails842f73c62c179f93_2246730119.mp4
2025-11-01 09:59:27,937 - INFO - 重命名成功: t4_kb081_cc8888voddetails8594f5fdf6fbfeab_1652671978.mp4 -> lggyx_love_t4_kb081_cc8888voddetails8594f5fdf6fbfeab_1652671978.mp4
2025-11-01 09:59:27,937 - INFO - 重命名成功: t4_kb081_cc8888voddetails895b4a0fb3b93c50_3999387487.mp4 -> lggyx_love_t4_kb081_cc8888voddetails895b4a0fb3b93c50_3999387487.mp4
2025-11-01 09:59:27,937 - INFO - 重命名成功: t4_kb081_cc8888voddetails8d04f2b46cd45b0c_1233641153.mp4 -> lggyx_love_t4_kb081_cc8888voddetails8d04f2b46cd45b0c_1233641153.mp4
2025-11-01 09:59:27,939 - INFO - 重命名成功: t4_kb081_cc8888voddetails90efffcc812f218d_62871601.mp4 -> lggyx_love_t4_kb081_cc8888voddetails90efffcc812f218d_62871601.mp4
2025-11-01 09:59:27,939 - INFO - 重命名成功: t4_kb081_cc8888voddetails923ed92ac9d8d992_4233164509.mp4 -> lggyx_love_t4_kb081_cc8888voddetails923ed92ac9d8d992_4233164509.mp4
2025-11-01 09:59:27,939 - INFO - 重命名成功: t4_kb081_cc8888voddetails9557d61d8758edfb_673141361.mp4 -> lggyx_love_t4_kb081_cc8888voddetails9557d61d8758edfb_673141361.mp4
2025-11-01 09:59:27,939 - INFO - 重命名成功: t4_kb081_cc8888voddetails9561c10c9553522f_261063908.mp4 -> lggyx_love_t4_kb081_cc8888voddetails9561c10c9553522f_261063908.mp4
2025-11-01 09:59:27,940 - INFO - 重命名成功: t4_kb081_cc8888voddetailsa6471d7d12cf09e3_211990878.mp4 -> lggyx_love_t4_kb081_cc8888voddetailsa6471d7d12cf09e3_211990878.mp4
2025-11-01 09:59:27,940 - INFO - 重命名成功: t4_kb081_cc8888voddetailsac208f28f4a4865c_4223740584.mp4 -> lggyx_love_t4_kb081_cc8888voddetailsac208f28f4a4865c_4223740584.mp4
2025-11-01 09:59:27,940 - INFO - 重命名成功: t4_kb081_cc8888voddetailsac739ab7a990d4eb_852479588.mp4 -> lggyx_love_t4_kb081_cc8888voddetailsac739ab7a990d4eb_852479588.mp4
2025-11-01 09:59:27,940 - INFO - 重命名成功: t4_kb081_cc8888voddetailsb312cb42f20bccd7_2924014608.mp4 -> lggyx_love_t4_kb081_cc8888voddetailsb312cb42f20bccd7_2924014608.mp4
2025-11-01 09:59:27,940 - INFO - 重命名成功: t4_kb081_cc8888voddetailsb33233108f06d6d1_2267220929.mp4 -> lggyx_love_t4_kb081_cc8888voddetailsb33233108f06d6d1_2267220929.mp4
2025-11-01 09:59:27,940 - INFO - 重命名成功: t4_kb081_cc8888voddetailsb3ea0d906d2f491c_2771170085.mp4 -> lggyx_love_t4_kb081_cc8888voddetailsb3ea0d906d2f491c_2771170085.mp4
2025-11-01 09:59:27,941 - INFO - 重命名成功: t4_kb081_cc8888voddetailsb5480d4f7f8d5a50_1011971814.mp4 -> lggyx_love_t4_kb081_cc8888voddetailsb5480d4f7f8d5a50_1011971814.mp4
2025-11-01 09:59:27,941 - INFO - 重命名成功: t4_kb081_cc8888voddetailsb902024f0151e8ed_4124916765.mp4 -> lggyx_love_t4_kb081_cc8888voddetailsb902024f0151e8ed_4124916765.mp4
2025-11-01 09:59:27,941 - INFO - 重命名成功: t4_kb081_cc8888voddetailsc5741ac68373f705_915972143.mp4 -> lggyx_love_t4_kb081_cc8888voddetailsc5741ac68373f705_915972143.mp4
2025-11-01 09:59:27,942 - INFO - 重命名成功: t4_kb081_cc8888voddetailsc6bdbe1b9a9ac666_246036174.mp4 -> lggyx_love_t4_kb081_cc8888voddetailsc6bdbe1b9a9ac666_246036174.mp4
2025-11-01 09:59:27,942 - INFO - 重命名成功: t4_kb081_cc8888voddetailsc8bc38466abbf8f6_2445354772.mp4 -> lggyx_love_t4_kb081_cc8888voddetailsc8bc38466abbf8f6_2445354772.mp4
2025-11-01 09:59:27,942 - INFO - 重命名成功: t4_kb081_cc8888voddetailscab3ed49408a504b_3422229327.mp4 -> lggyx_love_t4_kb081_cc8888voddetailscab3ed49408a504b_3422229327.mp4
2025-11-01 09:59:27,943 - INFO - 重命名成功: t4_kb081_cc8888voddetailscc39988a629402fd_1156578049.mp4 -> lggyx_love_t4_kb081_cc8888voddetailscc39988a629402fd_1156578049.mp4
2025-11-01 09:59:27,943 - INFO - 重命名成功: t4_kb081_cc8888voddetailsd25dd9790b6f09aa_2293665080.mp4 -> lggyx_love_t4_kb081_cc8888voddetailsd25dd9790b6f09aa_2293665080.mp4
2025-11-01 09:59:27,944 - INFO - 重命名成功: t4_kb081_cc8888voddetailsde991e00a188e120_3040386788.mp4 -> lggyx_love_t4_kb081_cc8888voddetailsde991e00a188e120_3040386788.mp4
2025-11-01 09:59:27,944 - INFO - 重命名成功: t4_kb081_cc8888voddetailse155d134a89d2c98_2524732401.mp4 -> lggyx_love_t4_kb081_cc8888voddetailse155d134a89d2c98_2524732401.mp4
2025-11-01 09:59:27,944 - INFO - 重命名成功: t4_kb081_cc8888voddetailse3c7ce85ad75ef75_2016014201.mp4 -> lggyx_love_t4_kb081_cc8888voddetailse3c7ce85ad75ef75_2016014201.mp4
2025-11-01 09:59:27,944 - INFO - 重命名成功: t4_kb081_cc8888voddetailse689e9791d0e2b84_2749768715.mp4 -> lggyx_love_t4_kb081_cc8888voddetailse689e9791d0e2b84_2749768715.mp4
2025-11-01 09:59:27,944 - INFO - 重命名成功: t4_kb081_cc8888voddetailse8b50526a00edc7c_3446925637.mp4 -> lggyx_love_t4_kb081_cc8888voddetailse8b50526a00edc7c_3446925637.mp4
2025-11-01 09:59:27,945 - INFO - 重命名成功: t4_kb081_cc8888voddetailsed207b82343a7dbb_1194729777.mp4 -> lggyx_love_t4_kb081_cc8888voddetailsed207b82343a7dbb_1194729777.mp4
2025-11-01 09:59:27,945 - INFO - 重命名成功: t4_kb081_cc8888voddetailsf2e2cee835c9a1e4_3661607002.mp4 -> lggyx_love_t4_kb081_cc8888voddetailsf2e2cee835c9a1e4_3661607002.mp4
2025-11-01 09:59:27,945 - INFO - 重命名成功: t4_kb081_cc8888voddetailsf2edb3161a89bd8d_366779914.mp4 -> lggyx_love_t4_kb081_cc8888voddetailsf2edb3161a89bd8d_366779914.mp4
2025-11-01 09:59:27,946 - INFO - 重命名成功: t4_kb081_cc8888voddetailsfa3b3c9ee9535ef9_1208577520.mp4 -> lggyx_love_t4_kb081_cc8888voddetailsfa3b3c9ee9535ef9_1208577520.mp4
2025-11-01 09:59:27,946 - INFO - 重命名成功: t4_kb081_cc8888voddetailsfc37833cba3178fe_19060839.mp4 -> lggyx_love_t4_kb081_cc8888voddetailsfc37833cba3178fe_19060839.mp4
2025-11-01 09:59:27,947 - INFO - 重命名成功: t4_kb081_cc8888voddetailsfcfd7967f7f41da5_1899175128.mp4 -> lggyx_love_t4_kb081_cc8888voddetailsfcfd7967f7f41da5_1899175128.mp4
2025-11-01 09:59:27,947 - INFO - 重命名成功: UGO 洗脳腕輪で美少女従姉妹たちを俺専用ま〇こにしちゃった(モーションアニメ版)巨乳すぎる美人姉妹をセックス漬けにw.mp4 -> lggyx_love_UGO 洗脳腕輪で美少女従姉妹たちを俺専用ま〇こにしちゃった(モーションアニメ版)巨乳すぎる美人姉妹をセックス漬けにw.mp4
2025-11-01 09:59:27,948 - INFO - 重命名成功: Video_1728606501482.mp4 -> lggyx_love_Video_1728606501482.mp4
2025-11-01 09:59:27,948 - INFO - 重命名成功: xhs131ww_1132888768.mp4 -> lggyx_love_xhs131ww_1132888768.mp4
2025-11-01 09:59:27,948 - INFO - 重命名成功: xhs131ww_1898190768.mp4 -> lggyx_love_xhs131ww_1898190768.mp4
2025-11-01 09:59:27,948 - INFO - 重命名成功: xhs131ww_2070323561.mp4 -> lggyx_love_xhs131ww_2070323561.mp4
2025-11-01 09:59:27,949 - INFO - 重命名成功: xhs131ww_3247583035.mp4 -> lggyx_love_xhs131ww_3247583035.mp4
2025-11-01 09:59:27,949 - INFO - 重命名成功: xhs131ww_4073333451.mp4 -> lggyx_love_xhs131ww_4073333451.mp4
2025-11-01 09:59:27,949 - INFO - 重命名成功: xhs137ww_1131145094.mp4 -> lggyx_love_xhs137ww_1131145094.mp4
2025-11-01 09:59:27,950 - INFO - 重命名成功: xhs137ww_1359660815.mp4 -> lggyx_love_xhs137ww_1359660815.mp4
2025-11-01 09:59:27,950 - INFO - 重命名成功: xhs141ww_1220268550.mp4 -> lggyx_love_xhs141ww_1220268550.mp4
2025-11-01 09:59:27,950 - INFO - 重命名成功: ZIZ 対魔忍アサギ 3 ＃02 叶わぬ願い .mp4 -> lggyx_love_ZIZ 対魔忍アサギ 3 ＃02 叶わぬ願い .mp4
2025-11-01 09:59:27,951 - INFO - 重命名成功: ✿高潮盛宴✿ 绝顶媚态蜜汁嫩鲍美少女「Yua」间谍过家家-约尔太太 春潮娇颜开腿享用阳具 特写淫靡嫩穴爆浆 .mp4 -> lggyx_love_✿高潮盛宴✿ 绝顶媚态蜜汁嫩鲍美少女「Yua」间谍过家家-约尔太太 春潮娇颜开腿享用阳具 特写淫靡嫩穴爆浆 .mp4
2025-11-01 09:59:27,951 - INFO - 重命名成功: 《 中文字幕 淫妖蟲蝕～凌触島退魔録～弐の巻》.mp4 -> lggyx_love_《 中文字幕 淫妖蟲蝕～凌触島退魔録～弐の巻》.mp4
2025-11-01 09:59:27,951 - INFO - 重命名成功: 《 主播系列 全网最好看的大奶子顶级尤物》.mp4 -> lggyx_love_《 主播系列 全网最好看的大奶子顶级尤物》.mp4
2025-11-01 09:59:27,952 - INFO - 重命名成功: 《 动漫 冥刻學園受孕篇2「我被哥哥中出的好爽」》.mp4 -> lggyx_love_《 动漫 冥刻學園受孕篇2「我被哥哥中出的好爽」》.mp4
2025-11-01 09:59:27,952 - INFO - 重命名成功: 《 动漫 冥刻學園受胎篇1「老師…快用濃洨讓我們懷孕吧」》.mp4 -> lggyx_love_《 动漫 冥刻學園受胎篇1「老師…快用濃洨讓我們懷孕吧」》.mp4
2025-11-01 09:59:27,952 - INFO - 重命名成功: 《 动漫 好色同學！2～想做更色的事？～THEANIMATION》.mp4 -> lggyx_love_《 动漫 好色同學！2～想做更色的事？～THEANIMATION》.mp4
2025-11-01 09:59:27,953 - INFO - 重命名成功: 《 动漫 打工“姐活”第一卷》.mp4 -> lggyx_love_《 动漫 打工“姐活”第一卷》.mp4
2025-11-01 09:59:27,953 - INFO - 重命名成功: 《 动漫 打工“姐活”第二卷》.mp4 -> lggyx_love_《 动漫 打工“姐活”第二卷》.mp4
2025-11-01 09:59:27,954 - INFO - 重命名成功: 《 動漫 学園侵触××oftheDead上巻 中文字幕 》.mp4 -> lggyx_love_《 動漫 学園侵触××oftheDead上巻 中文字幕 》.mp4
2025-11-01 09:59:27,954 - INFO - 重命名成功: 《 变态女王 国产稀缺重磅 充气阳具扩张变态母狗骚逼 超大玩具狂插到骚逼变形》.mp4 -> lggyx_love_《 变态女王 国产稀缺重磅 充气阳具扩张变态母狗骚逼 超大玩具狂插到骚逼变形》.mp4
2025-11-01 09:59:27,954 - INFO - 重命名成功: 《 吃瓜 国产稀缺重磅 淫荡巨穴母狗 超大玩具插穴扩张 木瓜丝瓜猛捅淫穴》.mp4 -> lggyx_love_《 吃瓜 国产稀缺重磅 淫荡巨穴母狗 超大玩具插穴扩张 木瓜丝瓜猛捅淫穴》.mp4
2025-11-01 09:59:27,954 - INFO - 重命名成功: 《 国产  JK妹在家自慰》.mp4 -> lggyx_love_《 国产  JK妹在家自慰》.mp4
2025-11-01 09:59:27,956 - INFO - 重命名成功: 《 国产 丝袜诱惑-拳交女王周晓琳第四部包臀裙高跟鞋在浴缸里用充气式阳具扩阴最后上演菊吃桔子》.mp4 -> lggyx_love_《 国产 丝袜诱惑-拳交女王周晓琳第四部包臀裙高跟鞋在浴缸里用充气式阳具扩阴最后上演菊吃桔子》.mp4
2025-11-01 09:59:27,956 - INFO - 重命名成功: 《 国产 抖M少女调教 SM极限肛门扩张大号道具》.mp4 -> lggyx_love_《 国产 抖M少女调教 SM极限肛门扩张大号道具》.mp4
2025-11-01 09:59:27,957 - INFO - 重命名成功: 《 国产 粉色洛丽塔_粉白长筒袜_精液灌肠_异形假吊_虐肛》.mp4 -> lggyx_love_《 国产 粉色洛丽塔_粉白长筒袜_精液灌肠_异形假吊_虐肛》.mp4
2025-11-01 09:59:27,957 - INFO - 重命名成功: 《 国产精品 萌白酱爽到流白浆粘稠淫汁多多》.mp4 -> lggyx_love_《 国产精品 萌白酱爽到流白浆粘稠淫汁多多》.mp4
2025-11-01 09:59:27,957 - INFO - 重命名成功: 《 夜桜字幕组  190709  opiumud residentEvilanotherday 中文字幕 》.mp4 -> lggyx_love_《 夜桜字幕组  190709  opiumud residentEvilanotherday 中文字幕 》.mp4
2025-11-01 09:59:27,957 - INFO - 重命名成功: 《 爆乳女神 非常火的性瘾潮喷美女XiaoE福利视图集敏感小穴各种玩弄喷水流白浆图》.mp4 -> lggyx_love_《 爆乳女神 非常火的性瘾潮喷美女XiaoE福利视图集敏感小穴各种玩弄喷水流白浆图》.mp4
2025-11-01 09:59:27,957 - INFO - 重命名成功: 《 重口味 肛交私拍巨制！后入母狗肛门强制母狗潮吹喷尿。经典镜头预览》.mp4 -> lggyx_love_《 重口味 肛交私拍巨制！后入母狗肛门强制母狗潮吹喷尿。经典镜头预览》.mp4
2025-11-01 09:59:27,957 - INFO - 重命名成功: 《いまりあ》EP_3281552134L100449222.mp4 -> lggyx_love_《いまりあ》EP_3281552134L100449222.mp4
2025-11-01 09:59:27,957 - INFO - 重命名成功: 《いまりあ》EP_3724770281L122283504.mp4 -> lggyx_love_《いまりあ》EP_3724770281L122283504.mp4
2025-11-01 09:59:27,957 - INFO - 重命名成功: 《全网第一虐阴少女淫穴屁眼极限扩张实录》.mp4 -> lggyx_love_《全网第一虐阴少女淫穴屁眼极限扩张实录》.mp4
2025-11-01 09:59:27,957 - INFO - 重命名成功: 《勇者妹妹的冒险结束了》第01集.mp4 -> lggyx_love_《勇者妹妹的冒险结束了》第01集.mp4
2025-11-01 09:59:27,957 - INFO - 重命名成功: 《国产玩肛门能塞到这个程度也是大佬领航了》.mp4 -> lggyx_love_《国产玩肛门能塞到这个程度也是大佬领航了》.mp4
2025-11-01 09:59:27,957 - INFO - 重命名成功: 《媚药中出男人的女孩儿崩溃篇》.mp4 -> lggyx_love_《媚药中出男人的女孩儿崩溃篇》.mp4
2025-11-01 09:59:27,957 - INFO - 重命名成功: 《学園侵触××oftheDead下巻 中文字幕 》.mp4 -> lggyx_love_《学園侵触××oftheDead下巻 中文字幕 》.mp4
2025-11-01 09:59:27,957 - INFO - 重命名成功: 《机械技师莉丝塔的大冒险》第01集.mp4 -> lggyx_love_《机械技师莉丝塔的大冒险》第01集.mp4
2025-11-01 09:59:27,957 - INFO - 重命名成功: 《束缚游戏 第1集「肛门女奴」》.mp4 -> lggyx_love_《束缚游戏 第1集「肛门女奴」》.mp4
2025-11-01 09:59:27,957 - INFO - 重命名成功: 《极品主播 福利姬 极品美少女白丝嫩穴自慰泄密》.mp4 -> lggyx_love_《极品主播 福利姬 极品美少女白丝嫩穴自慰泄密》.mp4
2025-11-01 09:59:27,957 - INFO - 重命名成功: 《爱圣天使拉普梅亚莉～恶性受胎～》第2集.mp4 -> lggyx_love_《爱圣天使拉普梅亚莉～恶性受胎～》第2集.mp4
2025-11-01 09:59:27,961 - INFO - 重命名成功: 《轮奸媚药中毒前篇无处可逃被1428个学生全体人员SEX的千金沙也香》.mp4 -> lggyx_love_《轮奸媚药中毒前篇无处可逃被1428个学生全体人员SEX的千金沙也香》.mp4
2025-11-01 09:59:27,961 - INFO - 重命名成功: 《轮奸媚药中毒后篇无处可逃被1428个学生全体人员SEX的千金沙也香》.mp4 -> lggyx_love_《轮奸媚药中毒后篇无处可逃被1428个学生全体人员SEX的千金沙也香》.mp4
2025-11-01 09:59:27,961 - INFO - 重命名成功: 《野野原柚花的秘密直播》 第01集.mp4 -> lggyx_love_《野野原柚花的秘密直播》 第01集.mp4
2025-11-01 09:59:27,961 - INFO - 重命名成功: 《野野原柚花的秘密直播》 第02集.mp4 -> lggyx_love_《野野原柚花的秘密直播》 第02集.mp4
2025-11-01 09:59:27,963 - INFO - 重命名成功: 《颜值颇高的主播骚话不断，不知将来会成为谁的小母狗》.mp4 -> lggyx_love_《颜值颇高的主播骚话不断，不知将来会成为谁的小母狗》.mp4
2025-11-01 09:59:27,963 - INFO - 重命名成功: 《魔兽净化少女UTEA 第1集》.mp4 -> lggyx_love_《魔兽净化少女UTEA 第1集》.mp4
2025-11-01 09:59:27,963 - INFO - 重命名成功: 「ED Mosaic」20岁现役白虎女大生完美胸型想应征工读生面试 真X .mp4 -> lggyx_love_「ED Mosaic」20岁现役白虎女大生完美胸型想应征工读生面试 真X .mp4
2025-11-01 09:59:27,963 - INFO - 重命名成功: いもうとはGALかわいい 第1話 属性違いの妹  中文字幕.mp4 -> lggyx_love_いもうとはGALかわいい 第1話 属性違いの妹  中文字幕.mp4
2025-11-01 09:59:27,964 - INFO - 重命名成功: がーるずらっしゅ 第2巻.mp4 -> lggyx_love_がーるずらっしゅ 第2巻.mp4
2025-11-01 09:59:27,964 - INFO - 重命名成功: こっとんど～る  戦乙女ヴァルキリー2 第一話 「堕天の女神達 .mp4 -> lggyx_love_こっとんど～る  戦乙女ヴァルキリー2 第一話 「堕天の女神達 .mp4
2025-11-01 09:59:27,964 - INFO - 重命名成功: こっとんど～る  戦乙女ヴァルキリー2 第三話 「恥じらいの性懺悔」 .mp4 -> lggyx_love_こっとんど～る  戦乙女ヴァルキリー2 第三話 「恥じらいの性懺悔」 .mp4
2025-11-01 09:59:27,964 - INFO - 重命名成功: こっとんど～る  戦乙女ヴァルキリー2 第二話 「裏切りの雌奴隷」.mp4 -> lggyx_love_こっとんど～る  戦乙女ヴァルキリー2 第二話 「裏切りの雌奴隷」.mp4
2025-11-01 09:59:27,964 - INFO - 重命名成功: どろっぷす!  鬼孕ノ巫女 ～狂乱無限受胎地獄二堕ツ～ モーションアニメ(前編).mp4 -> lggyx_love_どろっぷす!  鬼孕ノ巫女 ～狂乱無限受胎地獄二堕ツ～ モーションアニメ(前編).mp4
2025-11-01 09:59:27,965 - INFO - 重命名成功: ひまじん  淫堕の姫騎士ジャンヌ THE ANIMATION Seen1_3531801508.mp4 -> lggyx_love_ひまじん  淫堕の姫騎士ジャンヌ THE ANIMATION Seen1_3531801508.mp4
2025-11-01 09:59:27,965 - INFO - 重命名成功: ひまじん  淫堕の姫騎士ジャンヌ THE ANIMATION Seen2_206526438.mp4 -> lggyx_love_ひまじん  淫堕の姫騎士ジャンヌ THE ANIMATION Seen2_206526438.mp4
2025-11-01 09:59:27,965 - INFO - 重命名成功: わるきゅ～れ＋＋  プリンセスナイト☆カチュア Vol_1648600176.mp4 -> lggyx_love_わるきゅ～れ＋＋  プリンセスナイト☆カチュア Vol_1648600176.mp4
2025-11-01 09:59:27,965 - INFO - 重命名成功: わるきゅ～れ＋＋  プリンセスナイト☆カチュア Vol_4289824142.mp4 -> lggyx_love_わるきゅ～れ＋＋  プリンセスナイト☆カチュア Vol_4289824142.mp4
2025-11-01 09:59:27,965 - INFO - 重命名成功: わるきゅ～れ＋＋  プリンセスナイト☆カチュア Vol_95520718.mp4 -> lggyx_love_わるきゅ～れ＋＋  プリンセスナイト☆カチュア Vol_95520718.mp4
2025-11-01 09:59:27,965 - INFO - 重命名成功: アパタイト  エロトラップダンジョン ～女冒険者たちは徹底的に攻略されました～.mp4 -> lggyx_love_アパタイト  エロトラップダンジョン ～女冒険者たちは徹底的に攻略されました～.mp4
2025-11-01 09:59:27,965 - INFO - 重命名成功: サキュバス★コネクト！ 第2話 悩める男たちを癒しちゃえ 見習いサキュバスのエッチな快進撃.mp4 -> lggyx_love_サキュバス★コネクト！ 第2話 悩める男たちを癒しちゃえ 見習いサキュバスのエッチな快進撃.mp4
2025-11-01 09:59:27,966 - INFO - 重命名成功: システムクリーチャー  ザーメンミイラ～性処理用ドールにぶっかけ中出し～.mp4 -> lggyx_love_システムクリーチャー  ザーメンミイラ～性処理用ドールにぶっかけ中出し～.mp4
2025-11-01 09:59:27,966 - INFO - 重命名成功: スリーピース THE ANIMATION  中文字幕.mp4 -> lggyx_love_スリーピース THE ANIMATION  中文字幕.mp4
2025-11-01 09:59:27,966 - INFO - 重命名成功: ドロップアウト ～公衆便器・渡會靜華～.mp4 -> lggyx_love_ドロップアウト ～公衆便器・渡會靜華～.mp4
2025-11-01 09:59:27,967 - INFO - 重命名成功: ハーレム・カルト 3 side HAREM 宇場義行   中文字幕.mp4 -> lggyx_love_ハーレム・カルト 3 side HAREM 宇場義行   中文字幕.mp4
2025-11-01 09:59:27,967 - INFO - 重命名成功: ピンクパイナップル  公開便所 THE ANIMATION Slave_2828675134.mp4 -> lggyx_love_ピンクパイナップル  公開便所 THE ANIMATION Slave_2828675134.mp4
2025-11-01 09:59:27,968 - INFO - 重命名成功: ピンクパイナップル  公開便所 THE ANIMATION Slave_2898150984.mp4 -> lggyx_love_ピンクパイナップル  公開便所 THE ANIMATION Slave_2898150984.mp4
2025-11-01 09:59:27,968 - INFO - 重命名成功: ピンクパイナップル  制服処女 THE ANIMATION collection_1538206734.mp4 -> lggyx_love_ピンクパイナップル  制服処女 THE ANIMATION collection_1538206734.mp4
2025-11-01 09:59:27,968 - INFO - 重命名成功: ママホリック ～魅惑のママと甘々カンケイ～ 下.mp4 -> lggyx_love_ママホリック ～魅惑のママと甘々カンケイ～ 下.mp4
2025-11-01 09:59:27,968 - INFO - 重命名成功: メスダチ The Animation 千紗編  中文字幕.mp4 -> lggyx_love_メスダチ The Animation 千紗編  中文字幕.mp4
2025-11-01 09:59:27,968 - INFO - 重命名成功: レッツ・ゴー 退魔巫女 The Motion Anime 前編.mp4 -> lggyx_love_レッツ・ゴー 退魔巫女 The Motion Anime 前編.mp4
2025-11-01 09:59:27,968 - INFO - 重命名成功: 一求乳魂 前編［ごばん  - 爱情岛论坛 - 亚洲品质自拍视频网站 极速福利视频在线观看_3083206414.mp4 -> lggyx_love_一求乳魂 前編［ごばん  - 爱情岛论坛 - 亚洲品质自拍视频网站 极速福利视频在线观看_3083206414.mp4
2025-11-01 09:59:27,968 - INFO - 重命名成功: 中文本幕 小真的开发日记第二话 巨乳美人被调教堕落的刺激体验 -_1534451620L100413518.mp4 -> lggyx_love_中文本幕 小真的开发日记第二话 巨乳美人被调教堕落的刺激体验 -_1534451620L100413518.mp4
2025-11-01 09:59:27,970 - INFO - 重命名成功: 乐园侵触 Island of the dead 2 A片_2745058173L170306338.mp4 -> lggyx_love_乐园侵触 Island of the dead 2 A片_2745058173L170306338.mp4
2025-11-01 09:59:27,970 - INFO - 重命名成功: 做愛 绑缚 已婚妇女 小姐姐 御姐 游戏 动漫 動漫 奴隶 调教 贱畜 贱狗 肛交 ＳＭ - 爱情岛论坛 - 亚洲品质自拍视频网站 极速福利视频在线观看_3697385640.mp4 -> lggyx_love_做愛 绑缚 已婚妇女 小姐姐 御姐 游戏 动漫 動漫 奴隶 调教 贱畜 贱狗 肛交 ＳＭ - 爱情岛论坛 - 亚洲品质自拍视频网站 极速福利视频在线观看_3697385640.mp4
2025-11-01 09:59:27,970 - INFO - 重命名成功: 催眠彼女～隷属洗脑性活下卷_3064911246L96859569.mp4 -> lggyx_love_催眠彼女～隷属洗脑性活下卷_3064911246L96859569.mp4
2025-11-01 09:59:27,970 - INFO - 重命名成功: 全程对白清晰调教短发高中母狗高潮十几次被主人完全洗脑调教_4227122140L94833518.mp4 -> lggyx_love_全程对白清晰调教短发高中母狗高潮十几次被主人完全洗脑调教_4227122140L94833518.mp4
2025-11-01 09:59:27,972 - INFO - 重命名成功: 冥刻學園 受胎編 ＃2「我很高兴我的兄弟在阴道射精！.mp4 -> lggyx_love_冥刻學園 受胎編 ＃2「我很高兴我的兄弟在阴道射精！.mp4
2025-11-01 09:59:27,972 - INFO - 重命名成功: 可愛小母狗 ～溫柔的女孩…～ - 在线里番_3813999960L198229454.mp4 -> lggyx_love_可愛小母狗 ～溫柔的女孩…～ - 在线里番_3813999960L198229454.mp4
2025-11-01 09:59:27,972 - INFO - 重命名成功: 基德漠化组  走投甲  迷情 第二话 跨越时空的复仇者们  中文字幕.mp4 -> lggyx_love_基德漠化组  走投甲  迷情 第二话 跨越时空的复仇者们  中文字幕.mp4
2025-11-01 09:59:27,972 - INFO - 重命名成功: 堕落RPG圣骑士露薇莉雅丝 _3_第三集_3406009151L101850261.mp4 -> lggyx_love_堕落RPG圣骑士露薇莉雅丝 _3_第三集_3406009151L101850261.mp4
2025-11-01 09:59:27,973 - INFO - 重命名成功: 堕落RPG圣骑士露薇莉雅丝 _4_第四集_2848488493L99076552.mp4 -> lggyx_love_堕落RPG圣骑士露薇莉雅丝 _4_第四集_2848488493L99076552.mp4
2025-11-01 09:59:27,973 - INFO - 重命名成功: 堕落RPG圣骑士露薇莉雅丝_1_第一集_208694531L102799250.mp4 -> lggyx_love_堕落RPG圣骑士露薇莉雅丝_1_第一集_208694531L102799250.mp4
2025-11-01 09:59:27,973 - INFO - 重命名成功: 堕落RPG圣骑士露薇莉雅丝_2_第二集_2814076968L107217777.mp4 -> lggyx_love_堕落RPG圣骑士露薇莉雅丝_2_第二集_2814076968L107217777.mp4
2025-11-01 09:59:27,973 - INFO - 重命名成功: 夢獄の国のアリス 第2話 謎の装置と危険な生き物  中文字幕.mp4 -> lggyx_love_夢獄の国のアリス 第2話 謎の装置と危険な生き物  中文字幕.mp4
2025-11-01 09:59:27,973 - INFO - 重命名成功: 大乳骚妇超大道具肛交拳交双穴自慰_675689917L201206427.mp4 -> lggyx_love_大乳骚妇超大道具肛交拳交双穴自慰_675689917L201206427.mp4
2025-11-01 09:59:27,974 - INFO - 重命名成功: 大屁股肥穴少妇扩阴拳交用棒棒插子宫口自慰_532637795L79167409.mp4 -> lggyx_love_大屁股肥穴少妇扩阴拳交用棒棒插子宫口自慰_532637795L79167409.mp4
2025-11-01 09:59:27,974 - INFO - 重命名成功: 奴隶的水滴 第2集.mp4 -> lggyx_love_奴隶的水滴 第2集.mp4
2025-11-01 09:59:27,974 - INFO - 重命名成功: 如遇到打不开，请输入域名aqd_2438739830.mp4 -> lggyx_love_如遇到打不开，请输入域名aqd_2438739830.mp4
2025-11-01 09:59:27,974 - INFO - 重命名成功: 妳被溫柔地寢取了 1 - 在线里番_387978453L149032299.mp4 -> lggyx_love_妳被溫柔地寢取了 1 - 在线里番_387978453L149032299.mp4
2025-11-01 09:59:27,974 - INFO - 重命名成功: 姦獄 ～淫辱の実験棟～ LEVEL-1.mp4 -> lggyx_love_姦獄 ～淫辱の実験棟～ LEVEL-1.mp4
2025-11-01 09:59:27,975 - INFO - 重命名成功: 家族性奴～母子は义息のマゾ奴隷～ 第1话(モーションコミック版) 中文本幕_1609802397L162922195.mp4 -> lggyx_love_家族性奴～母子は义息のマゾ奴隷～ 第1话(モーションコミック版) 中文本幕_1609802397L162922195.mp4
2025-11-01 09:59:27,975 - INFO - 重命名成功: 家族性奴～母子は义息のマゾ奴隷～ 第2话(モーションコミック版) 中文本幕_1598174388L145544284.mp4 -> lggyx_love_家族性奴～母子は义息のマゾ奴隷～ 第2话(モーションコミック版) 中文本幕_1598174388L145544284.mp4
2025-11-01 09:59:27,975 - INFO - 重命名成功: 対魔忍アサギ2 -part2 - 爱情岛论坛 - 亚洲品质自拍视频网站 极速福利视频在线观看_2212160830.mp4 -> lggyx_love_対魔忍アサギ2 -part2 - 爱情岛论坛 - 亚洲品质自拍视频网站 极速福利视频在线观看_2212160830.mp4
2025-11-01 09:59:27,975 - INFO - 重命名成功: 対魔忍アサギ2 -part1 - 爱情岛论坛 - 亚洲品质自拍视频网站 极速福利视频在线观看_274039472.mp4 -> lggyx_love_対魔忍アサギ2 -part1 - 爱情岛论坛 - 亚洲品质自拍视频网站 极速福利视频在线观看_274039472.mp4
2025-11-01 09:59:27,976 - INFO - 重命名成功: 小兔子需要肉棒的滋养，淫语自慰精油把屁股摸的滑滑的，大号幻龙中出_3895951175L83279961.mp4 -> lggyx_love_小兔子需要肉棒的滋养，淫语自慰精油把屁股摸的滑滑的，大号幻龙中出_3895951175L83279961.mp4
2025-11-01 09:59:27,976 - INFO - 重命名成功: 小真在开发日记中被调教堕落，巨乳引人遐想的里番体验。_1757268327L105046799.mp4 -> lggyx_love_小真在开发日记中被调教堕落，巨乳引人遐想的里番体验。_1757268327L105046799.mp4
2025-11-01 09:59:27,976 - INFO - 重命名成功: 巨乳捏造ブン屋の悲劇(シャツ+黒ハイソックス).mp4 -> lggyx_love_巨乳捏造ブン屋の悲劇(シャツ+黒ハイソックス).mp4
2025-11-01 09:59:27,976 - INFO - 重命名成功: 性欲つよつよ THE ANIMATION 第2巻  中文字幕  - 爱情岛论坛 - 亚洲品质自拍视频网站 极速福利视频在线观看_871226934.mp4 -> lggyx_love_性欲つよつよ THE ANIMATION 第2巻  中文字幕  - 爱情岛论坛 - 亚洲品质自拍视频网站 极速福利视频在线观看_871226934.mp4
2025-11-01 09:59:27,976 - INFO - 重命名成功: 想要xx_351778292.mp4 -> lggyx_love_想要xx_351778292.mp4
2025-11-01 09:59:27,977 - INFO - 重命名成功: 想要xx_4089832953.mp4 -> lggyx_love_想要xx_4089832953.mp4
2025-11-01 09:59:27,977 - INFO - 重命名成功: 愛玩天使 チアリーピンク モーションコミック版(後編) .mp4 -> lggyx_love_愛玩天使 チアリーピンク モーションコミック版(後編) .mp4
2025-11-01 09:59:27,977 - INFO - 重命名成功: 抖音女神九条南无超刺激昂价自慰福利第三弹_37888141L288615451.mp4 -> lggyx_love_抖音女神九条南无超刺激昂价自慰福利第三弹_37888141L288615451.mp4
2025-11-01 09:59:27,978 - INFO - 重命名成功: 抖音网红反差母狗「奶咪Naimi」新作 粉红丝袜牛奶糖裸舞 粉穴肛塞求操 真DKS.mp4 -> lggyx_love_抖音网红反差母狗「奶咪Naimi」新作 粉红丝袜牛奶糖裸舞 粉穴肛塞求操 真DKS.mp4
2025-11-01 09:59:27,978 - INFO - 重命名成功: 探索欢爱新境界 1 A片 - 色情视频_2622504761L106076016.mp4 -> lggyx_love_探索欢爱新境界 1 A片 - 色情视频_2622504761L106076016.mp4
2025-11-01 09:59:27,978 - INFO - 重命名成功: 极品少萝自慰道具抽插粉穴流白浆_633597467L60456130.mp4 -> lggyx_love_极品少萝自慰道具抽插粉穴流白浆_633597467L60456130.mp4
2025-11-01 09:59:27,979 - INFO - 重命名成功: 极品白虎名器01年在校大学生「米娜学姐」清纯篮球宝贝剧情版 幻想阳具速插嫩穴爆浆潮喷 真D.mp4 -> lggyx_love_极品白虎名器01年在校大学生「米娜学姐」清纯篮球宝贝剧情版 幻想阳具速插嫩穴爆浆潮喷 真D.mp4
2025-11-01 09:59:27,979 - INFO - 重命名成功: 桜宮姉妹のネトラレ記録 2~yurisis~ - 爱情岛论坛 - 亚洲品质自拍视频网站 极速福利视频在线观看_2334076278.mp4 -> lggyx_love_桜宮姉妹のネトラレ記録 2~yurisis~ - 爱情岛论坛 - 亚洲品质自拍视频网站 极速福利视频在线观看_2334076278.mp4
2025-11-01 09:59:27,979 - INFO - 重命名成功: 桜宮姉妹のネトラレ記録第1集 - 免费在线观看 - 日韩动漫 - 趣卡电影网_1712949581.mp4 -> lggyx_love_桜宮姉妹のネトラレ記録第1集 - 免费在线观看 - 日韩动漫 - 趣卡电影网_1712949581.mp4
2025-11-01 09:59:27,980 - INFO - 重命名成功: 欧美高颜值白虎嫩妹道具自慰２_830159198L135726019.mp4 -> lggyx_love_欧美高颜值白虎嫩妹道具自慰２_830159198L135726019.mp4
2025-11-01 09:59:27,980 - INFO - 重命名成功: 正在免费在线播放鬼乳后宫第02集-番茄影视-魔都资源网：moduzy_169193611.mp4 -> lggyx_love_正在免费在线播放鬼乳后宫第02集-番茄影视-魔都资源网：moduzy_169193611.mp4
2025-11-01 09:59:27,980 - INFO - 重命名成功: 洗脑驯化丧智母狗深喉拳交调教扩张PUA性奴SM_3757462840L116976467.mp4 -> lggyx_love_洗脑驯化丧智母狗深喉拳交调教扩张PUA性奴SM_3757462840L116976467.mp4
2025-11-01 09:59:27,980 - INFO - 重命名成功: 淫奴母狗 调教极品在校学妹肉便器「小二先生」含鸡舔菊 炸裂肉丝缏穴一顿抽 我喜欢当爸爸的贱狗 超吹失禁太骚了 - 爱情岛论坛 - 亚洲品质自拍视频_3588491596.mp4 -> lggyx_love_淫奴母狗 调教极品在校学妹肉便器「小二先生」含鸡舔菊 炸裂肉丝缏穴一顿抽 我喜欢当爸爸的贱狗 超吹失禁太骚了 - 爱情岛论坛 - 亚洲品质自拍视频_3588491596.mp4
2025-11-01 09:59:27,981 - INFO - 重命名成功: 淫触王德马尔 1 施展他强大的淫术，征服每一个渴望被满足的美少女 A片-17c_1474502948L182496241.mp4 -> lggyx_love_淫触王德马尔 1 施展他强大的淫术，征服每一个渴望被满足的美少女 A片-17c_1474502948L182496241.mp4
2025-11-01 09:59:27,981 - INFO - 重命名成功: 爆乳女神 极品白皙爆乳蜜穴女神 麻酥酥 吊带白丝实习护士 玩具舔阴淫汁滴答直流 粗大阳具高潮爆浆.mp4 -> lggyx_love_爆乳女神 极品白皙爆乳蜜穴女神 麻酥酥 吊带白丝实习护士 玩具舔阴淫汁滴答直流 粗大阳具高潮爆浆.mp4
2025-11-01 09:59:27,981 - INFO - 重命名成功: 爆乳女神❤️究极重磅 极品爆乳网红女神「麻酥酥」七夕版定制 做爱在七夕 LOL乱入织女 淫语高潮.mp4 -> lggyx_love_爆乳女神❤️究极重磅 极品爆乳网红女神「麻酥酥」七夕版定制 做爱在七夕 LOL乱入织女 淫语高潮.mp4
2025-11-01 09:59:27,981 - INFO - 重命名成功: 玩的很嗨的小骚逼露脸颜值不错自己虐骚穴，扩阴器撑开骚逼往里灌奶，滴蜡自己抠逼，逼里塞橙子鸡蛋圣女果 - 爱情岛论坛 - 亚洲品质自拍视频网站_3460484504.mp4 -> lggyx_love_玩的很嗨的小骚逼露脸颜值不错自己虐骚穴，扩阴器撑开骚逼往里灌奶，滴蜡自己抠逼，逼里塞橙子鸡蛋圣女果 - 爱情岛论坛 - 亚洲品质自拍视频网站_3460484504.mp4
2025-11-01 09:59:27,982 - INFO - 重命名成功: 甜心宝宝呀 今晚继续抽牌玩道具 把黑黑的加长鸡鸡 全部插进菊花一进一出 把小穴城大到近半瓶风油精_人人撸_1099819207.mp4 -> lggyx_love_甜心宝宝呀 今晚继续抽牌玩道具 把黑黑的加长鸡鸡 全部插进菊花一进一出 把小穴城大到近半瓶风油精_人人撸_1099819207.mp4
2025-11-01 09:59:27,982 - INFO - 重命名成功: 痴梦少女 3 A片 -视频色情视频_2299524666L100231666.mp4 -> lggyx_love_痴梦少女 3 A片 -视频色情视频_2299524666L100231666.mp4
2025-11-01 09:59:27,982 - INFO - 重命名成功: 白丝jk小姐姐冰吊自慰出白浆萝莉_1740047049L181995930.mp4 -> lggyx_love_白丝jk小姐姐冰吊自慰出白浆萝莉_1740047049L181995930.mp4
2025-11-01 09:59:27,982 - INFO - 重命名成功: 监狱战舰 3 A片 - 视频色情视频成人视频_3101696284L167499659.mp4 -> lggyx_love_监狱战舰 3 A片 - 视频色情视频成人视频_3101696284L167499659.mp4
2025-11-01 09:59:27,983 - INFO - 重命名成功: 站长推荐 超级卡哇伊网红美少女三寸萝莉 古装秋千椅玩炮击壮观潮喷 超级粉嫩美鲍好想插进去 爱液高潮喷射 淫字乱入 - 爱情岛论坛 - 亚洲品质自拍视_2488972120.mp4 -> lggyx_love_站长推荐 超级卡哇伊网红美少女三寸萝莉 古装秋千椅玩炮击壮观潮喷 超级粉嫩美鲍好想插进去 爱液高潮喷射 淫字乱入 - 爱情岛论坛 - 亚洲品质自拍视_2488972120.mp4
2025-11-01 09:59:27,983 - INFO - 重命名成功: 粉红菠萝图书馆 堕落的女教师_1833559599L96605627.mp4 -> lggyx_love_粉红菠萝图书馆 堕落的女教师_1833559599L96605627.mp4
2025-11-01 09:59:27,984 - INFO - 重命名成功: 續・王女 女騎士W下流露出～後編～ 羞恥○風流人物○ - 爱情岛论坛 - 亚洲品质自拍视频网站 极速福利视频在线观看_4208950820.mp4 -> lggyx_love_續・王女 女騎士W下流露出～後編～ 羞恥○風流人物○ - 爱情岛论坛 - 亚洲品质自拍视频网站 极速福利视频在线观看_4208950820.mp4
2025-11-01 09:59:27,984 - INFO - 重命名成功: 网恋母狗，忽悠她自慰拍视频_4184594142L60435136.mp4 -> lggyx_love_网恋母狗，忽悠她自慰拍视频_4184594142L60435136.mp4
2025-11-01 09:59:27,984 - INFO - 重命名成功: 网红女神 星桃儿 极品尤物道具自慰白浆淫水直流_450162088L113525984.mp4 -> lggyx_love_网红女神 星桃儿 极品尤物道具自慰白浆淫水直流_450162088L113525984.mp4
2025-11-01 09:59:27,984 - INFO - 重命名成功: 网红萝莉道具自慰长长的巨无霸用力捅无毛逼_370589570L127673867.mp4 -> lggyx_love_网红萝莉道具自慰长长的巨无霸用力捅无毛逼_370589570L127673867.mp4
2025-11-01 09:59:27,984 - INFO - 重命名成功: 翘臀大美鲍这大屁股看着就想操酒店假鸡巴自慰_3146408607L102719361.mp4 -> lggyx_love_翘臀大美鲍这大屁股看着就想操酒店假鸡巴自慰_3146408607L102719361.mp4
2025-11-01 09:59:27,985 - INFO - 重命名成功: 育精 2 第二话 觉醒 支配 然后_____2396497563L108631071.mp4 -> lggyx_love_育精 2 第二话 觉醒 支配 然后_____2396497563L108631071.mp4
2025-11-01 09:59:27,985 - INFO - 重命名成功: 與魅魔小姐的羅曼史 1 - 在线里番_465765555L302864924.mp4 -> lggyx_love_與魅魔小姐的羅曼史 1 - 在线里番_465765555L302864924.mp4
2025-11-01 09:59:27,985 - INFO - 重命名成功: 色虎AV_1856337250.mp4 -> lggyx_love_色虎AV_1856337250.mp4
2025-11-01 09:59:27,985 - INFO - 重命名成功: 色虎AV_274099104.mp4 -> lggyx_love_色虎AV_274099104.mp4
2025-11-01 09:59:27,985 - INFO - 重命名成功: 色虎AV_2881653307.mp4 -> lggyx_love_色虎AV_2881653307.mp4
2025-11-01 09:59:27,987 - INFO - 重命名成功: 色虎AV_2946607852.mp4 -> lggyx_love_色虎AV_2946607852.mp4
2025-11-01 09:59:27,987 - INFO - 重命名成功: 色虎AV_322879178.mp4 -> lggyx_love_色虎AV_322879178.mp4
2025-11-01 09:59:27,987 - INFO - 重命名成功: 色虎AV_3429919988.mp4 -> lggyx_love_色虎AV_3429919988.mp4
2025-11-01 09:59:27,987 - INFO - 重命名成功: 色虎AV_3663693101.mp4 -> lggyx_love_色虎AV_3663693101.mp4
2025-11-01 09:59:27,988 - INFO - 重命名成功: 色虎AV_3906531209.mp4 -> lggyx_love_色虎AV_3906531209.mp4
2025-11-01 09:59:27,988 - INFO - 重命名成功: 色虎AV_64996883.mp4 -> lggyx_love_色虎AV_64996883.mp4
2025-11-01 09:59:27,988 - INFO - 重命名成功: 色虎AV_655287631.mp4 -> lggyx_love_色虎AV_655287631.mp4
2025-11-01 09:59:27,988 - INFO - 重命名成功: 色虎AV_717744896.mp4 -> lggyx_love_色虎AV_717744896.mp4
2025-11-01 09:59:27,989 - INFO - 重命名成功: 节又一位年轻妹子惨遭扩肛，用玻璃棒插的直叫唤.mp4 -> lggyx_love_节又一位年轻妹子惨遭扩肛，用玻璃棒插的直叫唤.mp4
2025-11-01 09:59:27,989 - INFO - 重命名成功: 蕾丝足交淫语自慰_798140336L98352777.mp4 -> lggyx_love_蕾丝足交淫语自慰_798140336L98352777.mp4
2025-11-01 09:59:27,989 - INFO - 重命名成功: 西瓜_1012493201L144198042.mp4 -> lggyx_love_西瓜_1012493201L144198042.mp4
2025-11-01 09:59:27,989 - INFO - 重命名成功: 西瓜_1021853812L500683205.mp4 -> lggyx_love_西瓜_1021853812L500683205.mp4
2025-11-01 09:59:27,989 - INFO - 重命名成功: 西瓜_1206600486L105798409.mp4 -> lggyx_love_西瓜_1206600486L105798409.mp4
2025-11-01 09:59:27,990 - INFO - 重命名成功: 西瓜_1230722570L278669830.mp4 -> lggyx_love_西瓜_1230722570L278669830.mp4
2025-11-01 09:59:27,990 - INFO - 重命名成功: 西瓜_1321902714L188460082.mp4 -> lggyx_love_西瓜_1321902714L188460082.mp4
2025-11-01 09:59:27,990 - INFO - 重命名成功: 西瓜_1574610320L265723966.mp4 -> lggyx_love_西瓜_1574610320L265723966.mp4
2025-11-01 09:59:27,990 - INFO - 重命名成功: 西瓜_1594065057L268760096.mp4 -> lggyx_love_西瓜_1594065057L268760096.mp4
2025-11-01 09:59:27,990 - INFO - 重命名成功: 西瓜_1862683859L162361582.mp4 -> lggyx_love_西瓜_1862683859L162361582.mp4
2025-11-01 09:59:27,990 - INFO - 重命名成功: 西瓜_2006917254L121156723.mp4 -> lggyx_love_西瓜_2006917254L121156723.mp4
2025-11-01 09:59:27,990 - INFO - 重命名成功: 西瓜_2045656157L142059205.mp4 -> lggyx_love_西瓜_2045656157L142059205.mp4
2025-11-01 09:59:27,992 - INFO - 重命名成功: 西瓜_2779773919L129086107.mp4 -> lggyx_love_西瓜_2779773919L129086107.mp4
2025-11-01 09:59:27,992 - INFO - 重命名成功: 西瓜_2865311300L778471212.mp4 -> lggyx_love_西瓜_2865311300L778471212.mp4
2025-11-01 09:59:27,992 - INFO - 重命名成功: 西瓜_2880110253L128678431.mp4 -> lggyx_love_西瓜_2880110253L128678431.mp4
2025-11-01 09:59:27,992 - INFO - 重命名成功: 西瓜_2937323192L242944343.mp4 -> lggyx_love_西瓜_2937323192L242944343.mp4
2025-11-01 09:59:27,993 - INFO - 重命名成功: 西瓜_3554285004L203137587.mp4 -> lggyx_love_西瓜_3554285004L203137587.mp4
2025-11-01 09:59:27,993 - INFO - 重命名成功: 西瓜_3847799453L145560361.mp4 -> lggyx_love_西瓜_3847799453L145560361.mp4
2025-11-01 09:59:27,993 - INFO - 重命名成功: 西瓜_386460914L183393417.mp4 -> lggyx_love_西瓜_386460914L183393417.mp4
2025-11-01 09:59:27,993 - INFO - 重命名成功: 西瓜_3927284036L167918453.mp4 -> lggyx_love_西瓜_3927284036L167918453.mp4
2025-11-01 09:59:27,994 - INFO - 重命名成功: 西瓜_3969476110L106381787.mp4 -> lggyx_love_西瓜_3969476110L106381787.mp4
2025-11-01 09:59:27,994 - INFO - 重命名成功: 西瓜_4024080327L104356024.mp4 -> lggyx_love_西瓜_4024080327L104356024.mp4
2025-11-01 09:59:27,994 - INFO - 重命名成功: 西瓜_4080900680L346681174.mp4 -> lggyx_love_西瓜_4080900680L346681174.mp4
2025-11-01 09:59:27,995 - INFO - 重命名成功: 西瓜_4204282506L107498296.mp4 -> lggyx_love_西瓜_4204282506L107498296.mp4
2025-11-01 09:59:27,995 - INFO - 重命名成功: 西瓜_4238639568L139387037.mp4 -> lggyx_love_西瓜_4238639568L139387037.mp4
2025-11-01 09:59:27,995 - INFO - 重命名成功: 西瓜_4276153810L146248073.mp4 -> lggyx_love_西瓜_4276153810L146248073.mp4
2025-11-01 09:59:27,995 - INFO - 重命名成功: 西瓜_4288312715L102931880.mp4 -> lggyx_love_西瓜_4288312715L102931880.mp4
2025-11-01 09:59:27,996 - INFO - 重命名成功: 西瓜_498731373L360319136.mp4 -> lggyx_love_西瓜_498731373L360319136.mp4
2025-11-01 09:59:27,996 - INFO - 重命名成功: 西瓜_556151866L120551379.mp4 -> lggyx_love_西瓜_556151866L120551379.mp4
2025-11-01 09:59:27,996 - INFO - 重命名成功: 西瓜_599762407L96837230.mp4 -> lggyx_love_西瓜_599762407L96837230.mp4
2025-11-01 09:59:27,996 - INFO - 重命名成功: 西瓜_672921844L116104931.mp4 -> lggyx_love_西瓜_672921844L116104931.mp4
2025-11-01 09:59:27,996 - INFO - 重命名成功: 西瓜_766960996L233572714.mp4 -> lggyx_love_西瓜_766960996L233572714.mp4
2025-11-01 09:59:27,996 - INFO - 重命名成功: 西瓜_830467190L99320982.mp4 -> lggyx_love_西瓜_830467190L99320982.mp4
2025-11-01 09:59:27,997 - INFO - 重命名成功: 西瓜_968212681L139200460.mp4 -> lggyx_love_西瓜_968212681L139200460.mp4
2025-11-01 09:59:27,997 - INFO - 重命名成功: 视频下载_1369537989L400726656.mp4 -> lggyx_love_视频下载_1369537989L400726656.mp4
2025-11-01 09:59:27,997 - INFO - 重命名成功: 视频下载_2399959021L221786224.mp4 -> lggyx_love_视频下载_2399959021L221786224.mp4
2025-11-01 09:59:27,997 - INFO - 重命名成功: 视频下载_291780040L350132845.mp4 -> lggyx_love_视频下载_291780040L350132845.mp4
2025-11-01 09:59:27,997 - INFO - 重命名成功: 调教反差眼镜高中学霸少女洗脑PUA展示自慰超嫩处女小穴_1233274648L86696308.mp4 -> lggyx_love_调教反差眼镜高中学霸少女洗脑PUA展示自慰超嫩处女小穴_1233274648L86696308.mp4
2025-11-01 09:59:27,998 - INFO - 重命名成功: 越是漂亮的女人性欲越是旺盛！极品御姐勾引男网友给小伙自拍大量不雅视频_4255762068L122011700.mp4 -> lggyx_love_越是漂亮的女人性欲越是旺盛！极品御姐勾引男网友给小伙自拍大量不雅视频_4255762068L122011700.mp4
2025-11-01 09:59:27,998 - INFO - 重命名成功: 跟摔跤手老婆做爱.mp4 -> lggyx_love_跟摔跤手老婆做爱.mp4
2025-11-01 09:59:27,998 - INFO - 重命名成功: 这老娘们玩的挺嗨啊，露脸玩弄菊花和逼逼给狼友看，异物塞满，大号茄子拉珠暴插菊花，鸡蛋塞逼特写给狼友看_人人撸_171570750.mp4 -> lggyx_love_这老娘们玩的挺嗨啊，露脸玩弄菊花和逼逼给狼友看，异物塞满，大号茄子拉珠暴插菊花，鸡蛋塞逼特写给狼友看_人人撸_171570750.mp4
2025-11-01 09:59:27,999 - INFO - 重命名成功: 野野原柚花的秘密直播 1 A片 -_2177931401L102146874.mp4 -> lggyx_love_野野原柚花的秘密直播 1 A片 -_2177931401L102146874.mp4
2025-11-01 09:59:27,999 - INFO - 重命名成功: 野野原柚花的秘密直播 2 A片 -_2527085278L102473344.mp4 -> lggyx_love_野野原柚花的秘密直播 2 A片 -_2527085278L102473344.mp4
2025-11-01 09:59:27,999 - INFO - 重命名成功: 鈴木みら乃  学園2 Episode_1623847554.mp4 -> lggyx_love_鈴木みら乃  学園2 Episode_1623847554.mp4
2025-11-01 09:59:28,000 - INFO - 重命名成功: 鈴木みら乃  学園2 Episode_3884855264.mp4 -> lggyx_love_鈴木みら乃  学園2 Episode_3884855264.mp4
2025-11-01 09:59:28,000 - INFO - 重命名成功: 雷光神姫アイギスマギア―PANDRA saga 3rd ignition― The Animation 下巻  中文字幕 .mp4 -> lggyx_love_雷光神姫アイギスマギア―PANDRA saga 3rd ignition― The Animation 下巻  中文字幕 .mp4
2025-11-01 09:59:28,000 - INFO - 重命名成功: 霸凌复仇催眠：被欺凌者通过催眠术控制霸凌者，让她们在公众面前展现羞耻的姿态，最终成为自己的性奴。_3808221030L105265401.mp4 -> lggyx_love_霸凌复仇催眠：被欺凌者通过催眠术控制霸凌者，让她们在公众面前展现羞耻的姿态，最终成为自己的性奴。_3808221030L105265401.mp4
2025-11-01 09:59:28,001 - INFO - 重命名成功: 骚逼好姐妹一起诱惑狼友，淫声荡语揉奶玩逼，一起玩大号道具，插逼逼玩菊花，听狼友指挥展示，浪叫呻吟不止_人人撸_3298492809.mp4 -> lggyx_love_骚逼好姐妹一起诱惑狼友，淫声荡语揉奶玩逼，一起玩大号道具，插逼逼玩菊花，听狼友指挥展示，浪叫呻吟不止_人人撸_3298492809.mp4
2025-11-01 09:59:28,001 - INFO - 重命名成功: 高跟高挑渔网骚逼喜欢玩重口味被刺激阴蒂拳头插菊花湿漉漉的爱液流出嗷嗷淫叫.mp4 -> lggyx_love_高跟高挑渔网骚逼喜欢玩重口味被刺激阴蒂拳头插菊花湿漉漉的爱液流出嗷嗷淫叫.mp4
2025-11-01 09:59:28,001 - INFO - 重命名成功: 黑丝肥穴主播自慰骚屄_2997856700L78456019.mp4 -> lggyx_love_黑丝肥穴主播自慰骚屄_2997856700L78456019.mp4
2025-11-01 09:59:28,001 - INFO - 重命名成功: （动漫）边玩边弄—来吧！水龙敬乐园 上篇 -17c_195139879L94381216.mp4 -> lggyx_love_（动漫）边玩边弄—来吧！水龙敬乐园 上篇 -17c_195139879L94381216.mp4
2025-11-01 09:59:28,001 - INFO - 重命名成功: （动漫）边玩边弄—来吧！水龙敬乐园 下篇_3038254177L91044501.mp4 -> lggyx_love_（动漫）边玩边弄—来吧！水龙敬乐园 下篇_3038254177L91044501.mp4
2025-11-01 09:59:30,297 - INFO - 预览已清空
2025-11-01 09:59:38,318 - INFO - 预览完成，共 345 个文件
2025-11-01 10:00:00,390 - INFO - 目录更改为: D:\学习资料\学习资料
2025-11-01 10:00:19,024 - INFO - 找到 345 个匹配文件
2025-11-01 10:00:53,494 - INFO - 规则类型更改为: 字符串替换
2025-11-01 10:01:24,926 - INFO - 找到 345 个匹配文件
2025-11-01 10:01:33,927 - INFO - 目录更改为: D:\学习资料
2025-11-01 10:01:41,748 - INFO - 找到 346 个匹配文件
